[    1241ms] [INFO] %cDownload the React DevTools for a better development experience: https://react.dev/link/react-devtools font-weight:bold @ http://localhost:3030/_next/static/chunks/node_modules_next_dist_115brz8._.js:2431
[    1286ms] [LOG] [HMR] connected @ http://localhost:3030/_next/static/chunks/node_modules_next_dist_115brz8._.js:2431
[    1334ms] [WARNING] Image with src "/images/hero/slide-1.png" is using quality "50" which is not configured in images.qualities [75]. Please update your config to [50, 75].
Read more: https://nextjs.org/docs/messages/next-image-unconfigured-qualities @ http://localhost:3030/_next/static/chunks/node_modules_next_dist_115brz8._.js:2431
[    1334ms] [WARNING] Image with src "/images/hero/slide-2.png" is using quality "50" which is not configured in images.qualities [75]. Please update your config to [50, 75].
Read more: https://nextjs.org/docs/messages/next-image-unconfigured-qualities @ http://localhost:3030/_next/static/chunks/node_modules_next_dist_115brz8._.js:2431
[    1335ms] [WARNING] Image with src "/images/hero/slide-3.png" is using quality "50" which is not configured in images.qualities [75]. Please update your config to [50, 75].
Read more: https://nextjs.org/docs/messages/next-image-unconfigured-qualities @ http://localhost:3030/_next/static/chunks/node_modules_next_dist_115brz8._.js:2431
[    1740ms] [WARNING] Error while trying to use the following icon from the Manifest: http://localhost:3030/favicon.ico (Resource size is not correct - typo in the Manifest?) @ http://localhost:3030/:0
[    1838ms] [LOG] [Fast Refresh] rebuilding @ http://localhost:3030/_next/static/chunks/node_modules_next_dist_115brz8._.js:2431
[    1886ms] [LOG] [Fast Refresh] done in 148ms @ http://localhost:3030/_next/static/chunks/node_modules_next_dist_115brz8._.js:2431
[    2701ms] [WARNING] Please ensure that the container has a non-static position, like 'relative', 'fixed', or 'absolute' to ensure scroll offset is calculated correctly. @ http://localhost:3030/_next/static/chunks/node_modules_next_dist_115brz8._.js:2431
[    5076ms] [WARNING] The resource http://localhost:3030/_next/static/media/5c285b27cdda1fe8-s.p.0yo6-5yoeeudq.woff2 was preloaded using link preload but not used within a few seconds from the window's load event. Please make sure it has an appropriate `as` value and it is preloaded intentionally. @ http://localhost:3030/:0
[    5076ms] [WARNING] The resource http://localhost:3030/_next/static/media/0c8f209abc35ee02-s.p.03rqv30url-~q.woff2 was preloaded using link preload but not used within a few seconds from the window's load event. Please make sure it has an appropriate `as` value and it is preloaded intentionally. @ http://localhost:3030/:0
[    5076ms] [WARNING] The resource http://localhost:3030/_next/static/chunks/%5Bnext%5D_internal_font_google_0mg.b23._.css was preloaded using link preload but not used within a few seconds from the window's load event. Please make sure it has an appropriate `as` value and it is preloaded intentionally. @ http://localhost:3030/:0
[    8066ms] [WARNING] Image with src "https://static.wixstatic.com/media/04fb8d_58b6bcab18c046aea219db1257f02bcb~mv2.jpeg" was detected as the Largest Contentful Paint (LCP). Please add the `loading="eager"` property if this image is above the fold.
Read more: https://nextjs.org/docs/app/api-reference/components/image#loading @ http://localhost:3030/_next/static/chunks/node_modules_next_dist_115brz8._.js:2431
[   11559ms] [WARNING] The resource http://localhost:3030/_next/static/media/5c285b27cdda1fe8-s.p.0yo6-5yoeeudq.woff2 was preloaded using link preload but not used within a few seconds from the window's load event. Please make sure it has an appropriate `as` value and it is preloaded intentionally. @ http://localhost:3030/:0
[   11559ms] [WARNING] The resource http://localhost:3030/_next/static/media/0c8f209abc35ee02-s.p.03rqv30url-~q.woff2 was preloaded using link preload but not used within a few seconds from the window's load event. Please make sure it has an appropriate `as` value and it is preloaded intentionally. @ http://localhost:3030/:0
[   11559ms] [WARNING] The resource http://localhost:3030/_next/static/chunks/%5Bnext%5D_internal_font_google_0mg.b23._.css was preloaded using link preload but not used within a few seconds from the window's load event. Please make sure it has an appropriate `as` value and it is preloaded intentionally. @ http://localhost:3030/:0
[   48147ms] [WARNING] The resource http://localhost:3030/_next/static/media/5c285b27cdda1fe8-s.p.0yo6-5yoeeudq.woff2 was preloaded using link preload but not used within a few seconds from the window's load event. Please make sure it has an appropriate `as` value and it is preloaded intentionally. @ http://localhost:3030/:0
[   48147ms] [WARNING] The resource http://localhost:3030/_next/static/media/0c8f209abc35ee02-s.p.03rqv30url-~q.woff2 was preloaded using link preload but not used within a few seconds from the window's load event. Please make sure it has an appropriate `as` value and it is preloaded intentionally. @ http://localhost:3030/:0
[   48147ms] [WARNING] The resource http://localhost:3030/_next/static/chunks/%5Bnext%5D_internal_font_google_0mg.b23._.css was preloaded using link preload but not used within a few seconds from the window's load event. Please make sure it has an appropriate `as` value and it is preloaded intentionally. @ http://localhost:3030/:0
