[     147ms] [LOG] [Fast Refresh] rebuilding @ http://localhost:3030/_next/static/chunks/node_modules_next_dist_115brz8._.js:2431
[     298ms] [LOG] [Fast Refresh] done in 252ms @ http://localhost:3030/_next/static/chunks/node_modules_next_dist_115brz8._.js:2431
[     631ms] [INFO] %cDownload the React DevTools for a better development experience: https://react.dev/link/react-devtools font-weight:bold @ http://localhost:3030/_next/static/chunks/node_modules_next_dist_115brz8._.js:2431
[     664ms] [LOG] [HMR] connected @ http://localhost:3030/_next/static/chunks/node_modules_next_dist_115brz8._.js:2431
[    1272ms] [WARNING] Image with src "https://static.wixstatic.com/media/fd8c76_6980b1eaf30345c28279fecef6e205cb~mv2.jpeg" has "fill" and a height value of 0. This is likely because the parent element of the image has not been styled to have a set height. @ http://localhost:3030/_next/static/chunks/node_modules_next_dist_115brz8._.js:2431
[    1364ms] [WARNING] Error while trying to use the following icon from the Manifest: http://localhost:3030/favicon.ico (Resource size is not correct - typo in the Manifest?) @ http://localhost:3030/locations/salem/fairlands:0
[    1428ms] [WARNING] Image with src "https://static.wixstatic.com/media/fd8c76_663f3b9fb3164f65bdb59a98c33da458~mv2.jpeg" has "fill" and a height value of 0. This is likely because the parent element of the image has not been styled to have a set height. @ http://localhost:3030/_next/static/chunks/node_modules_next_dist_115brz8._.js:2431
[    5179ms] [WARNING] The resource http://localhost:3030/_next/static/media/5c285b27cdda1fe8-s.p.0yo6-5yoeeudq.woff2 was preloaded using link preload but not used within a few seconds from the window's load event. Please make sure it has an appropriate `as` value and it is preloaded intentionally. @ http://localhost:3030/locations/salem/fairlands:0
[    5179ms] [WARNING] The resource http://localhost:3030/_next/static/media/0c8f209abc35ee02-s.p.03rqv30url-~q.woff2 was preloaded using link preload but not used within a few seconds from the window's load event. Please make sure it has an appropriate `as` value and it is preloaded intentionally. @ http://localhost:3030/locations/salem/fairlands:0
[    5179ms] [WARNING] The resource http://localhost:3030/_next/static/chunks/%5Bnext%5D_internal_font_google_0mg.b23._.css was preloaded using link preload but not used within a few seconds from the window's load event. Please make sure it has an appropriate `as` value and it is preloaded intentionally. @ http://localhost:3030/locations/salem/fairlands:0
[   78765ms] [LOG] [Fast Refresh] rebuilding @ http://localhost:3030/_next/static/chunks/node_modules_next_dist_115brz8._.js:2431
[   78795ms] [LOG] [Fast Refresh] done in 99ms @ http://localhost:3030/_next/static/chunks/node_modules_next_dist_115brz8._.js:2431
[   81772ms] [WARNING] The resource http://localhost:3030/_next/static/media/5c285b27cdda1fe8-s.p.0yo6-5yoeeudq.woff2 was preloaded using link preload but not used within a few seconds from the window's load event. Please make sure it has an appropriate `as` value and it is preloaded intentionally. @ http://localhost:3030/locations/salem/fairlands:0
[   81772ms] [WARNING] The resource http://localhost:3030/_next/static/media/0c8f209abc35ee02-s.p.03rqv30url-~q.woff2 was preloaded using link preload but not used within a few seconds from the window's load event. Please make sure it has an appropriate `as` value and it is preloaded intentionally. @ http://localhost:3030/locations/salem/fairlands:0
[   81772ms] [WARNING] The resource http://localhost:3030/_next/static/chunks/%5Bnext%5D_internal_font_google_0mg.b23._.css was preloaded using link preload but not used within a few seconds from the window's load event. Please make sure it has an appropriate `as` value and it is preloaded intentionally. @ http://localhost:3030/locations/salem/fairlands:0
[   88683ms] [LOG] [Fast Refresh] rebuilding @ http://localhost:3030/_next/static/chunks/node_modules_next_dist_115brz8._.js:2431
[   88710ms] [LOG] [Fast Refresh] done in 37ms @ http://localhost:3030/_next/static/chunks/node_modules_next_dist_115brz8._.js:2431
[   91697ms] [WARNING] The resource http://localhost:3030/_next/static/media/5c285b27cdda1fe8-s.p.0yo6-5yoeeudq.woff2 was preloaded using link preload but not used within a few seconds from the window's load event. Please make sure it has an appropriate `as` value and it is preloaded intentionally. @ http://localhost:3030/locations/salem/fairlands:0
[   91697ms] [WARNING] The resource http://localhost:3030/_next/static/media/0c8f209abc35ee02-s.p.03rqv30url-~q.woff2 was preloaded using link preload but not used within a few seconds from the window's load event. Please make sure it has an appropriate `as` value and it is preloaded intentionally. @ http://localhost:3030/locations/salem/fairlands:0
[   91697ms] [WARNING] The resource http://localhost:3030/_next/static/chunks/%5Bnext%5D_internal_font_google_0mg.b23._.css was preloaded using link preload but not used within a few seconds from the window's load event. Please make sure it has an appropriate `as` value and it is preloaded intentionally. @ http://localhost:3030/locations/salem/fairlands:0
[   94284ms] [LOG] [Fast Refresh] rebuilding @ http://localhost:3030/_next/static/chunks/node_modules_next_dist_115brz8._.js:2431
[   94330ms] [LOG] [Fast Refresh] done in 61ms @ http://localhost:3030/_next/static/chunks/node_modules_next_dist_115brz8._.js:2431
[   94577ms] [WARNING] Error while trying to use the following icon from the Manifest: http://localhost:3030/favicon.ico (Resource size is not correct - typo in the Manifest?) @ http://localhost:3030/locations/salem/fairlands:0
[   97578ms] [WARNING] The resource http://localhost:3030/_next/static/media/5c285b27cdda1fe8-s.p.0yo6-5yoeeudq.woff2 was preloaded using link preload but not used within a few seconds from the window's load event. Please make sure it has an appropriate `as` value and it is preloaded intentionally. @ http://localhost:3030/locations/salem/fairlands:0
[   97578ms] [WARNING] The resource http://localhost:3030/_next/static/media/0c8f209abc35ee02-s.p.03rqv30url-~q.woff2 was preloaded using link preload but not used within a few seconds from the window's load event. Please make sure it has an appropriate `as` value and it is preloaded intentionally. @ http://localhost:3030/locations/salem/fairlands:0
[   97578ms] [WARNING] The resource http://localhost:3030/_next/static/chunks/%5Bnext%5D_internal_font_google_0mg.b23._.css was preloaded using link preload but not used within a few seconds from the window's load event. Please make sure it has an appropriate `as` value and it is preloaded intentionally. @ http://localhost:3030/locations/salem/fairlands:0
[  108112ms] [LOG] [Fast Refresh] rebuilding @ http://localhost:3030/_next/static/chunks/node_modules_next_dist_115brz8._.js:2431
[  108152ms] [LOG] [Fast Refresh] done in 27ms @ http://localhost:3030/_next/static/chunks/node_modules_next_dist_115brz8._.js:2431
[  108327ms] [WARNING] Error while trying to use the following icon from the Manifest: http://localhost:3030/favicon.ico (Resource size is not correct - typo in the Manifest?) @ http://localhost:3030/locations/salem/fairlands:0
[  111328ms] [WARNING] The resource http://localhost:3030/_next/static/media/5c285b27cdda1fe8-s.p.0yo6-5yoeeudq.woff2 was preloaded using link preload but not used within a few seconds from the window's load event. Please make sure it has an appropriate `as` value and it is preloaded intentionally. @ http://localhost:3030/locations/salem/fairlands:0
[  111328ms] [WARNING] The resource http://localhost:3030/_next/static/media/0c8f209abc35ee02-s.p.03rqv30url-~q.woff2 was preloaded using link preload but not used within a few seconds from the window's load event. Please make sure it has an appropriate `as` value and it is preloaded intentionally. @ http://localhost:3030/locations/salem/fairlands:0
[  111328ms] [WARNING] The resource http://localhost:3030/_next/static/chunks/%5Bnext%5D_internal_font_google_0mg.b23._.css was preloaded using link preload but not used within a few seconds from the window's load event. Please make sure it has an appropriate `as` value and it is preloaded intentionally. @ http://localhost:3030/locations/salem/fairlands:0
[  139354ms] [LOG] [Fast Refresh] rebuilding @ http://localhost:3030/_next/static/chunks/node_modules_next_dist_115brz8._.js:2431
[  139398ms] [LOG] [Fast Refresh] done in 28ms @ http://localhost:3030/_next/static/chunks/node_modules_next_dist_115brz8._.js:2431
[  139607ms] [WARNING] Error while trying to use the following icon from the Manifest: http://localhost:3030/favicon.ico (Resource size is not correct - typo in the Manifest?) @ http://localhost:3030/locations/salem/fairlands:0
[  139695ms] [LOG] [Fast Refresh] rebuilding @ http://localhost:3030/_next/static/chunks/node_modules_next_dist_115brz8._.js:2431
[  139763ms] [LOG] [Fast Refresh] done in 24ms @ http://localhost:3030/_next/static/chunks/node_modules_next_dist_115brz8._.js:2431
[  139906ms] [WARNING] Error while trying to use the following icon from the Manifest: http://localhost:3030/favicon.ico (Resource size is not correct - typo in the Manifest?) @ http://localhost:3030/locations/salem/fairlands:0
[  141295ms] [LOG] [Fast Refresh] rebuilding @ http://localhost:3030/_next/static/chunks/node_modules_next_dist_115brz8._.js:2431
[  141331ms] [LOG] [Fast Refresh] done in 22ms @ http://localhost:3030/_next/static/chunks/node_modules_next_dist_115brz8._.js:2431
[  141519ms] [WARNING] Error while trying to use the following icon from the Manifest: http://localhost:3030/favicon.ico (Resource size is not correct - typo in the Manifest?) @ http://localhost:3030/locations/salem/fairlands:0
[  142091ms] [LOG] [Fast Refresh] rebuilding @ http://localhost:3030/_next/static/chunks/node_modules_next_dist_115brz8._.js:2431
[  142172ms] [LOG] [Fast Refresh] done in 23ms @ http://localhost:3030/_next/static/chunks/node_modules_next_dist_115brz8._.js:2431
[  142292ms] [WARNING] Error while trying to use the following icon from the Manifest: http://localhost:3030/favicon.ico (Resource size is not correct - typo in the Manifest?) @ http://localhost:3030/locations/salem/fairlands:0
[  143713ms] [LOG] [Fast Refresh] rebuilding @ http://localhost:3030/_next/static/chunks/node_modules_next_dist_115brz8._.js:2431
[  143807ms] [LOG] [Fast Refresh] done in 34ms @ http://localhost:3030/_next/static/chunks/node_modules_next_dist_115brz8._.js:2431
[  143925ms] [WARNING] Error while trying to use the following icon from the Manifest: http://localhost:3030/favicon.ico (Resource size is not correct - typo in the Manifest?) @ http://localhost:3030/locations/salem/fairlands:0
[  144779ms] [LOG] [Fast Refresh] rebuilding @ http://localhost:3030/_next/static/chunks/node_modules_next_dist_115brz8._.js:2431
[  144860ms] [LOG] [Fast Refresh] done in 23ms @ http://localhost:3030/_next/static/chunks/node_modules_next_dist_115brz8._.js:2431
[  144976ms] [WARNING] Error while trying to use the following icon from the Manifest: http://localhost:3030/favicon.ico (Resource size is not correct - typo in the Manifest?) @ http://localhost:3030/locations/salem/fairlands:0
[  145904ms] [LOG] [Fast Refresh] rebuilding @ http://localhost:3030/_next/static/chunks/node_modules_next_dist_115brz8._.js:2431
[  145966ms] [LOG] [Fast Refresh] done in 21ms @ http://localhost:3030/_next/static/chunks/node_modules_next_dist_115brz8._.js:2431
[  146123ms] [WARNING] Error while trying to use the following icon from the Manifest: http://localhost:3030/favicon.ico (Resource size is not correct - typo in the Manifest?) @ http://localhost:3030/locations/salem/fairlands:0
[  149124ms] [WARNING] The resource http://localhost:3030/_next/static/media/5c285b27cdda1fe8-s.p.0yo6-5yoeeudq.woff2 was preloaded using link preload but not used within a few seconds from the window's load event. Please make sure it has an appropriate `as` value and it is preloaded intentionally. @ http://localhost:3030/locations/salem/fairlands:0
[  149124ms] [WARNING] The resource http://localhost:3030/_next/static/media/0c8f209abc35ee02-s.p.03rqv30url-~q.woff2 was preloaded using link preload but not used within a few seconds from the window's load event. Please make sure it has an appropriate `as` value and it is preloaded intentionally. @ http://localhost:3030/locations/salem/fairlands:0
[  149124ms] [WARNING] The resource http://localhost:3030/_next/static/chunks/%5Bnext%5D_internal_font_google_0mg.b23._.css was preloaded using link preload but not used within a few seconds from the window's load event. Please make sure it has an appropriate `as` value and it is preloaded intentionally. @ http://localhost:3030/locations/salem/fairlands:0
[  163698ms] [LOG] [Fast Refresh] rebuilding @ http://localhost:3030/_next/static/chunks/node_modules_next_dist_115brz8._.js:2431
[  163738ms] [LOG] [Fast Refresh] done in 20ms @ http://localhost:3030/_next/static/chunks/node_modules_next_dist_115brz8._.js:2431
[  163939ms] [WARNING] Error while trying to use the following icon from the Manifest: http://localhost:3030/favicon.ico (Resource size is not correct - typo in the Manifest?) @ http://localhost:3030/locations/salem/fairlands:0
[  166940ms] [WARNING] The resource http://localhost:3030/_next/static/media/5c285b27cdda1fe8-s.p.0yo6-5yoeeudq.woff2 was preloaded using link preload but not used within a few seconds from the window's load event. Please make sure it has an appropriate `as` value and it is preloaded intentionally. @ http://localhost:3030/locations/salem/fairlands:0
[  166940ms] [WARNING] The resource http://localhost:3030/_next/static/media/0c8f209abc35ee02-s.p.03rqv30url-~q.woff2 was preloaded using link preload but not used within a few seconds from the window's load event. Please make sure it has an appropriate `as` value and it is preloaded intentionally. @ http://localhost:3030/locations/salem/fairlands:0
[  166940ms] [WARNING] The resource http://localhost:3030/_next/static/chunks/%5Bnext%5D_internal_font_google_0mg.b23._.css was preloaded using link preload but not used within a few seconds from the window's load event. Please make sure it has an appropriate `as` value and it is preloaded intentionally. @ http://localhost:3030/locations/salem/fairlands:0
[  176471ms] [LOG] [Fast Refresh] rebuilding @ http://localhost:3030/_next/static/chunks/node_modules_next_dist_115brz8._.js:2431
[  176511ms] [LOG] [Fast Refresh] done in 75ms @ http://localhost:3030/_next/static/chunks/node_modules_next_dist_115brz8._.js:2431
[  176904ms] [WARNING] Error while trying to use the following icon from the Manifest: http://localhost:3030/favicon.ico (Resource size is not correct - typo in the Manifest?) @ http://localhost:3030/locations/salem/fairlands:0
[  179905ms] [WARNING] The resource http://localhost:3030/_next/static/media/5c285b27cdda1fe8-s.p.0yo6-5yoeeudq.woff2 was preloaded using link preload but not used within a few seconds from the window's load event. Please make sure it has an appropriate `as` value and it is preloaded intentionally. @ http://localhost:3030/locations/salem/fairlands:0
[  179905ms] [WARNING] The resource http://localhost:3030/_next/static/media/0c8f209abc35ee02-s.p.03rqv30url-~q.woff2 was preloaded using link preload but not used within a few seconds from the window's load event. Please make sure it has an appropriate `as` value and it is preloaded intentionally. @ http://localhost:3030/locations/salem/fairlands:0
[  179905ms] [WARNING] The resource http://localhost:3030/_next/static/chunks/%5Bnext%5D_internal_font_google_0mg.b23._.css was preloaded using link preload but not used within a few seconds from the window's load event. Please make sure it has an appropriate `as` value and it is preloaded intentionally. @ http://localhost:3030/locations/salem/fairlands:0
[  194918ms] [LOG] [Fast Refresh] rebuilding @ http://localhost:3030/_next/static/chunks/node_modules_next_dist_115brz8._.js:2431
[  194987ms] [LOG] [Fast Refresh] done in 19ms @ http://localhost:3030/_next/static/chunks/node_modules_next_dist_115brz8._.js:2431
[  195066ms] [WARNING] Error while trying to use the following icon from the Manifest: http://localhost:3030/favicon.ico (Resource size is not correct - typo in the Manifest?) @ http://localhost:3030/locations/salem/fairlands:0
[  200483ms] [WARNING] The resource http://localhost:3030/_next/static/media/5c285b27cdda1fe8-s.p.0yo6-5yoeeudq.woff2 was preloaded using link preload but not used within a few seconds from the window's load event. Please make sure it has an appropriate `as` value and it is preloaded intentionally. @ http://localhost:3030/locations/salem/fairlands:0
[  200483ms] [WARNING] The resource http://localhost:3030/_next/static/media/0c8f209abc35ee02-s.p.03rqv30url-~q.woff2 was preloaded using link preload but not used within a few seconds from the window's load event. Please make sure it has an appropriate `as` value and it is preloaded intentionally. @ http://localhost:3030/locations/salem/fairlands:0
[  200483ms] [WARNING] The resource http://localhost:3030/_next/static/chunks/%5Bnext%5D_internal_font_google_0mg.b23._.css was preloaded using link preload but not used within a few seconds from the window's load event. Please make sure it has an appropriate `as` value and it is preloaded intentionally. @ http://localhost:3030/locations/salem/fairlands:0
[  217266ms] [ERROR] WebSocket connection to 'ws://localhost:3030/_next/webpack-hmr?id=GtGiCFqzt9i0dtmMwZrIl' failed: Error in connection establishment: net::ERR_CONNECTION_REFUSED @ http://localhost:3030/_next/static/chunks/node_modules_next_dist_client_0fhqo1d._.js:13299
[  218273ms] [LOG] [HMR] connected @ http://localhost:3030/_next/static/chunks/node_modules_next_dist_115brz8._.js:2431
[  221574ms] [INFO] %cDownload the React DevTools for a better development experience: https://react.dev/link/react-devtools font-weight:bold @ http://localhost:3030/_next/static/chunks/node_modules_next_dist_115brz8._.js:2431
[  221588ms] [LOG] [HMR] connected @ http://localhost:3030/_next/static/chunks/node_modules_next_dist_115brz8._.js:2431
[  221891ms] [WARNING] Image with src "https://static.wixstatic.com/media/fd8c76_6980b1eaf30345c28279fecef6e205cb~mv2.jpeg" was detected as the Largest Contentful Paint (LCP). Please add the `loading="eager"` property if this image is above the fold.
Read more: https://nextjs.org/docs/app/api-reference/components/image#loading @ http://localhost:3030/_next/static/chunks/node_modules_next_dist_115brz8._.js:2431
[  222172ms] [WARNING] Error while trying to use the following icon from the Manifest: http://localhost:3030/favicon.ico (Resource size is not correct - typo in the Manifest?) @ http://localhost:3030/locations/salem/fairlands:0
[  225213ms] [WARNING] The resource http://localhost:3030/_next/static/media/5c285b27cdda1fe8-s.p.0yo6-5yoeeudq.woff2 was preloaded using link preload but not used within a few seconds from the window's load event. Please make sure it has an appropriate `as` value and it is preloaded intentionally. @ http://localhost:3030/locations/salem/fairlands:0
[  225213ms] [WARNING] The resource http://localhost:3030/_next/static/media/0c8f209abc35ee02-s.p.03rqv30url-~q.woff2 was preloaded using link preload but not used within a few seconds from the window's load event. Please make sure it has an appropriate `as` value and it is preloaded intentionally. @ http://localhost:3030/locations/salem/fairlands:0
[  225213ms] [WARNING] The resource http://localhost:3030/_next/static/chunks/%5Bnext%5D_internal_font_google_0mg.b23._.css was preloaded using link preload but not used within a few seconds from the window's load event. Please make sure it has an appropriate `as` value and it is preloaded intentionally. @ http://localhost:3030/locations/salem/fairlands:0
